Python 3.9.13 (tags/v3.9.13:6de2ca5, May 17 2022, 16:36:42) [MSC v.1929 64 bit (AMD64)] on win32
Type "help", "copyright", "credits" or "license()" for more information.
>>> for i in range(1,5):
	for j in range(1,10):
		print('%d * %d = %d' %(i,j,i*j))
	
	print("\n")

	
1 * 1 = 1
1 * 2 = 2
1 * 3 = 3
1 * 4 = 4
1 * 5 = 5
1 * 6 = 6
1 * 7 = 7
1 * 8 = 8
1 * 9 = 9


2 * 1 = 2
2 * 2 = 4
2 * 3 = 6
2 * 4 = 8
2 * 5 = 10
2 * 6 = 12
2 * 7 = 14
2 * 8 = 16
2 * 9 = 18


3 * 1 = 3
3 * 2 = 6
3 * 3 = 9
3 * 4 = 12
3 * 5 = 15
3 * 6 = 18
3 * 7 = 21
3 * 8 = 24
3 * 9 = 27


4 * 1 = 4
4 * 2 = 8
4 * 3 = 12
4 * 4 = 16
4 * 5 = 20
4 * 6 = 24
4 * 7 = 28
4 * 8 = 32
4 * 9 = 36


>>> for i in range(1,20):
	for j in range(1,20):
		print('%d * %d = %d' %(i,j,i*j))
	
	print("\n")

	
1 * 1 = 1
1 * 2 = 2
1 * 3 = 3
1 * 4 = 4
1 * 5 = 5
1 * 6 = 6
1 * 7 = 7
1 * 8 = 8
1 * 9 = 9
1 * 10 = 10
1 * 11 = 11
1 * 12 = 12
1 * 13 = 13
1 * 14 = 14
1 * 15 = 15
1 * 16 = 16
1 * 17 = 17
1 * 18 = 18
1 * 19 = 19


2 * 1 = 2
2 * 2 = 4
2 * 3 = 6
2 * 4 = 8
2 * 5 = 10
2 * 6 = 12
2 * 7 = 14
2 * 8 = 16
2 * 9 = 18
2 * 10 = 20
2 * 11 = 22
2 * 12 = 24
2 * 13 = 26
2 * 14 = 28
2 * 15 = 30
2 * 16 = 32
2 * 17 = 34
2 * 18 = 36
2 * 19 = 38


3 * 1 = 3
3 * 2 = 6
3 * 3 = 9
3 * 4 = 12
3 * 5 = 15
3 * 6 = 18
3 * 7 = 21
3 * 8 = 24
3 * 9 = 27
3 * 10 = 30
3 * 11 = 33
3 * 12 = 36
3 * 13 = 39
3 * 14 = 42
3 * 15 = 45
3 * 16 = 48
3 * 17 = 51
3 * 18 = 54
3 * 19 = 57


4 * 1 = 4
4 * 2 = 8
4 * 3 = 12
4 * 4 = 16
4 * 5 = 20
4 * 6 = 24
4 * 7 = 28
4 * 8 = 32
4 * 9 = 36
4 * 10 = 40
4 * 11 = 44
4 * 12 = 48
4 * 13 = 52
4 * 14 = 56
4 * 15 = 60
4 * 16 = 64
4 * 17 = 68
4 * 18 = 72
4 * 19 = 76


5 * 1 = 5
5 * 2 = 10
5 * 3 = 15
5 * 4 = 20
5 * 5 = 25
5 * 6 = 30
5 * 7 = 35
5 * 8 = 40
5 * 9 = 45
5 * 10 = 50
5 * 11 = 55
5 * 12 = 60
5 * 13 = 65
5 * 14 = 70
5 * 15 = 75
5 * 16 = 80
5 * 17 = 85
5 * 18 = 90
5 * 19 = 95


6 * 1 = 6
6 * 2 = 12
6 * 3 = 18
6 * 4 = 24
6 * 5 = 30
6 * 6 = 36
6 * 7 = 42
6 * 8 = 48
6 * 9 = 54
6 * 10 = 60
6 * 11 = 66
6 * 12 = 72
6 * 13 = 78
6 * 14 = 84
6 * 15 = 90
6 * 16 = 96
6 * 17 = 102
6 * 18 = 108
6 * 19 = 114


7 * 1 = 7
7 * 2 = 14
7 * 3 = 21
7 * 4 = 28
7 * 5 = 35
7 * 6 = 42
7 * 7 = 49
7 * 8 = 56
7 * 9 = 63
7 * 10 = 70
7 * 11 = 77
7 * 12 = 84
7 * 13 = 91
7 * 14 = 98
7 * 15 = 105
7 * 16 = 112
7 * 17 = 119
7 * 18 = 126
7 * 19 = 133


8 * 1 = 8
8 * 2 = 16
8 * 3 = 24
8 * 4 = 32
8 * 5 = 40
8 * 6 = 48
8 * 7 = 56
8 * 8 = 64
8 * 9 = 72
8 * 10 = 80
8 * 11 = 88
8 * 12 = 96
8 * 13 = 104
8 * 14 = 112
8 * 15 = 120
8 * 16 = 128
8 * 17 = 136
8 * 18 = 144
8 * 19 = 152


9 * 1 = 9
9 * 2 = 18
9 * 3 = 27
9 * 4 = 36
9 * 5 = 45
9 * 6 = 54
9 * 7 = 63
9 * 8 = 72
9 * 9 = 81
9 * 10 = 90
9 * 11 = 99
9 * 12 = 108
9 * 13 = 117
9 * 14 = 126
9 * 15 = 135
9 * 16 = 144
9 * 17 = 153
9 * 18 = 162
9 * 19 = 171


10 * 1 = 10
10 * 2 = 20
10 * 3 = 30
10 * 4 = 40
10 * 5 = 50
10 * 6 = 60
10 * 7 = 70
10 * 8 = 80
10 * 9 = 90
10 * 10 = 100
10 * 11 = 110
10 * 12 = 120
10 * 13 = 130
10 * 14 = 140
10 * 15 = 150
10 * 16 = 160
10 * 17 = 170
10 * 18 = 180
10 * 19 = 190


11 * 1 = 11
11 * 2 = 22
11 * 3 = 33
11 * 4 = 44
11 * 5 = 55
11 * 6 = 66
11 * 7 = 77
11 * 8 = 88
11 * 9 = 99
11 * 10 = 110
11 * 11 = 121
11 * 12 = 132
11 * 13 = 143
11 * 14 = 154
11 * 15 = 165
11 * 16 = 176
11 * 17 = 187
11 * 18 = 198
11 * 19 = 209


12 * 1 = 12
12 * 2 = 24
12 * 3 = 36
12 * 4 = 48
12 * 5 = 60
12 * 6 = 72
12 * 7 = 84
12 * 8 = 96
12 * 9 = 108
12 * 10 = 120
12 * 11 = 132
12 * 12 = 144
12 * 13 = 156
12 * 14 = 168
12 * 15 = 180
12 * 16 = 192
12 * 17 = 204
12 * 18 = 216
12 * 19 = 228


13 * 1 = 13
13 * 2 = 26
13 * 3 = 39
13 * 4 = 52
13 * 5 = 65
13 * 6 = 78
13 * 7 = 91
13 * 8 = 104
13 * 9 = 117
13 * 10 = 130
13 * 11 = 143
13 * 12 = 156
13 * 13 = 169
13 * 14 = 182
13 * 15 = 195
13 * 16 = 208
13 * 17 = 221
13 * 18 = 234
13 * 19 = 247


14 * 1 = 14
14 * 2 = 28
14 * 3 = 42
14 * 4 = 56
14 * 5 = 70
14 * 6 = 84
14 * 7 = 98
14 * 8 = 112
14 * 9 = 126
14 * 10 = 140
14 * 11 = 154
14 * 12 = 168
14 * 13 = 182
14 * 14 = 196
14 * 15 = 210
14 * 16 = 224
14 * 17 = 238
14 * 18 = 252
14 * 19 = 266


15 * 1 = 15
15 * 2 = 30
15 * 3 = 45
15 * 4 = 60
15 * 5 = 75
15 * 6 = 90
15 * 7 = 105
15 * 8 = 120
15 * 9 = 135
15 * 10 = 150
15 * 11 = 165
15 * 12 = 180
15 * 13 = 195
15 * 14 = 210
15 * 15 = 225
15 * 16 = 240
15 * 17 = 255
15 * 18 = 270
15 * 19 = 285


16 * 1 = 16
16 * 2 = 32
16 * 3 = 48
16 * 4 = 64
16 * 5 = 80
16 * 6 = 96
16 * 7 = 112
16 * 8 = 128
16 * 9 = 144
16 * 10 = 160
16 * 11 = 176
16 * 12 = 192
16 * 13 = 208
16 * 14 = 224
16 * 15 = 240
16 * 16 = 256
16 * 17 = 272
16 * 18 = 288
16 * 19 = 304


17 * 1 = 17
17 * 2 = 34
17 * 3 = 51
17 * 4 = 68
17 * 5 = 85
17 * 6 = 102
17 * 7 = 119
17 * 8 = 136
17 * 9 = 153
17 * 10 = 170
17 * 11 = 187
17 * 12 = 204
17 * 13 = 221
17 * 14 = 238
17 * 15 = 255
17 * 16 = 272
17 * 17 = 289
17 * 18 = 306
17 * 19 = 323


18 * 1 = 18
18 * 2 = 36
18 * 3 = 54
18 * 4 = 72
18 * 5 = 90
18 * 6 = 108
18 * 7 = 126
18 * 8 = 144
18 * 9 = 162
18 * 10 = 180
18 * 11 = 198
18 * 12 = 216
18 * 13 = 234
18 * 14 = 252
18 * 15 = 270
18 * 16 = 288
18 * 17 = 306
18 * 18 = 324
18 * 19 = 342


19 * 1 = 19
19 * 2 = 38
19 * 3 = 57
19 * 4 = 76
19 * 5 = 95
19 * 6 = 114
19 * 7 = 133
19 * 8 = 152
19 * 9 = 171
19 * 10 = 190
19 * 11 = 209
19 * 12 = 228
19 * 13 = 247
19 * 14 = 266
19 * 15 = 285
19 * 16 = 304
19 * 17 = 323
19 * 18 = 342
19 * 19 = 361


>>> s = "python"
>>> for i in s:
		print(i,end='')

		
python
>>> range(len(s)-1,-1,-1)
range(5, -1, -1)
>>> range(1,5)
range(1, 5)
>>> range(5,-1,-1)
range(5, -1, -1)
>>> for i in range(5,-1,-1):
	print(i)

	
5
4
3
2
1
0
>>> 
>>> for i in range(-1,-len(s)-1,-1):
	print(s[i],end='')

	
nohtyp
>>> print("hello",end='world')
helloworld
>>> print("hello",end='\n')
hello
>>> for i in range(-1,-len(s)-1,-1):
	print(s[i])

	
n
o
h
t
y
p
>>> str1 = "come"
>>> str2 = "welcome to python"
>>> str1 in str2
True
>>> str1 = "Come"
>>> str1 in str2
False
>>> if ('python' == '  python'):
	print("same")
else:
	print("not same")

	
not same
>>> if ('python' == '  python'.strip()):
	print("same")
else:
	print("not same")

	
same
>>> dir("str")
['__add__', '__class__', '__contains__', '__delattr__', '__dir__', '__doc__', '__eq__', '__format__', '__ge__', '__getattribute__', '__getitem__', '__getnewargs__', '__gt__', '__hash__', '__init__', '__init_subclass__', '__iter__', '__le__', '__len__', '__lt__', '__mod__', '__mul__', '__ne__', '__new__', '__reduce__', '__reduce_ex__', '__repr__', '__rmod__', '__rmul__', '__setattr__', '__sizeof__', '__str__', '__subclasshook__', 'capitalize', 'casefold', 'center', 'count', 'encode', 'endswith', 'expandtabs', 'find', 'format', 'format_map', 'index', 'isalnum', 'isalpha', 'isascii', 'isdecimal', 'isdigit', 'isidentifier', 'islower', 'isnumeric', 'isprintable', 'isspace', 'istitle', 'isupper', 'join', 'ljust', 'lower', 'lstrip', 'maketrans', 'partition', 'removeprefix', 'removesuffix', 'replace', 'rfind', 'rindex', 'rjust', 'rpartition', 'rsplit', 'rstrip', 'split', 'splitlines', 'startswith', 'strip', 'swapcase', 'title', 'translate', 'upper', 'zfill']
>>> s='hello    '
>>> s.strip()
'hello'
>>> if ('python'.strip() == '  python'.strip()):
	print("same")
else:
	print("not same")

	
same
>>> if ('pyt hon'.strip() == '  python'.strip()):
	print("same")
else:
	print("not same")

	
not same
>>> 
>>> 
>>> str1 = 'welcome to python . python is portable'
>>> n = str1.count('python')
>>> n
2
>>> type(n)
<class 'int'>
>>> str1 = 'python python'
>>> n = str1.count('p',0,5)
>>> n
1
>>> n = str1.count('p',0,6)
>>> n
1
>>> n = str1.count('p',0,7)
>>> 
>>> n
1
>>> n = str1.count('p',0,8)
>>> n
2
>>> str1 = 'python is opensource. python is portable'
>>> n = str1.count('python',0,len(str1))
>>> n
2
>>> str1 = "welcome to python"
>>> str1[4] = 'Y'
Traceback (most recent call last):
  File "<pyshell#56>", line 1, in <module>
    str1[4] = 'Y'
TypeError: 'str' object does not support item assignment
>>> str = 'this is a beautiful girl'
>>> str1 = 'girl'
>>> str2 = 'flower'
>>> str.replace(str1,str2)
'this is a beautiful flower'
>>> str = "one,two,three,four"
>>> str.split(',')
['one', 'two', 'three', 'four']
>>> type(str.split(','))
<class 'list'>
>>> str.split('o')
['', 'ne,tw', ',three,f', 'ur']
>>> str = "one,two,three,four"
>>> str.split('one')
['', ',two,three,four']
>>> str = "one,two,three,four"
>>> str.split(':')
['one,two,three,four']
>>> 
>>> 
>>> 


>>> 


>>> 

>>> 


>>> 

>>> 


>>> 
>>> str = "one,two,three,four"
>>> str_lst = str.split(',')
>>> str_lst
['one', 'two', 'three', 'four']
>>> str2 = '|'.join(str_lst)
>>> str2
'one|two|three|four'
>>> 
>>> str1 = "welcome to python"
>>> str2 = "to"
>>> n = str1.find(str2,0,len(str1))
>>> n
8
>>> n = str1.index(str2,0,len(str1))
>>> n
8
>>> help(str1.index)
Help on built-in function index:

index(...) method of builtins.str instance
    S.index(sub[, start[, end]]) -> int
    
    Return the lowest index in S where substring sub is found,
    such that sub is contained within S[start:end].  Optional
    arguments start and end are interpreted as in slice notation.
    
    Raises ValueError when the substring is not found.

>>> help(str1.find)
Help on built-in function find:

find(...) method of builtins.str instance
    S.find(sub[, start[, end]]) -> int
    
    Return the lowest index in S where substring sub is found,
    such that sub is contained within S[start:end].  Optional
    arguments start and end are interpreted as in slice notation.
    
    Return -1 on failure.

>>> n = str1.index("hi",0,len(str1))
Traceback (most recent call last):
  File "<pyshell#92>", line 1, in <module>
    n = str1.index("hi",0,len(str1))
ValueError: substring not found
>>> str1
'welcome to python'
>>> n = str1.index("hi",0,len(str1))
Traceback (most recent call last):
  File "<pyshell#94>", line 1, in <module>
    n = str1.index("hi",0,len(str1))
ValueError: substring not found
>>> n = str1.find("hi",0,len(str1))
>>> n
-1
>>> str1="welcome come to python"
>>> str2="come"
>>> n = str1.find(str2,0,len(str1))
>>> n
3
>>> str1 = "This is a pen"
>>> len(str1)
13
>>> sub = "is"
>>> pos = str1.find(sub,0,13)
>>> pos
2
>>> str1.find(sub,3,13)
5
>>> str1.find(sub,6,13)
-1
>>> str1 = "This is a pen"
>>> 
KeyboardInterrupt
sub = "is"
>>> sub = "is"
>>> i = 0
>>> flag = False
>>> n = len(str1)
>>> while i < n: 
	pos = str1.find(sub,i,n)
	if pos != -1:
		print("found at position:", pos + 1)
		i = pos + 1 #6
		flag = True
	else:
		i = i + 1

		
found at position: 3
found at position: 6
>>> 
>>> 
>>> 
>>> str = "QualityThought!"
>>> str.isalnum()
False
>>> str = "QualityThought"
>>> str.isalnum()
True
>>> 
KeyboardInterrupt
>>> str = "QualityThought123"
>>> str.isalnum()
True
>>> num=input("enter mobile number\n".title())
Enter Mobile Number
1234567890
>>> if (len(str(num)) != 10):
	print("invalid mobile number")
elif (str(num).isdigit()== False):
	print(" in_valid mobile number")
else:
	print(" valid mobile number")

	
Traceback (most recent call last):
  File "<pyshell#126>", line 1, in <module>
    if (len(str(num)) != 10):
TypeError: 'str' object is not callable
>>> num=input("enter mobile number\n".title())
Enter Mobile Number
Traceback (most recent call last):
  File "<pyshell#127>", line 1, in <module>
    num=input("enter mobile number\n".title())
KeyboardInterrupt
>>> 
>>> 
>>> 
>>> 
>>> 
>>> 
>>> num=input("enter mobile number\n".title())
Enter Mobile Number
1234567890
>>> type(num)
<class 'str'>
\
>>> if (len(num) != 10):
	print("invalid mobile number")
elif (num.isdigit()== False):
	print(" in_valid mobile number")
else:
	print(" valid mobile number")

	
 valid mobile number
>>> 
>>> 
>>> 